// Jest Snapshot v1, https://goo.gl/fbAQLP

exports[`Pruebas en <PrimeraApp/> Debe mostrar <PrimeraApp/> correctamente 1`] = `
<Fragment>
  <h1>
    Hola, Soy Coku
  </h1>
  <p>
    Este es un subtitulo
  </p>
</Fragment>
`;
